.\venv\Scripts\python.exe : C:\Users\akash\OneDrive\Desktop\Honey-pot\honeypot-agent\app\services\intelligence.py:7: FutureWarning: 
At line:1 char:1
+ .\venv\Scripts\python.exe test_api_logic.py 2>&1 | Tee-Object -FilePa ...
+ ~~~~~~~~~~~~~~~~~~~~~~~~~~~~~~~~~~~~~~~~~~~~~~~~
    + CategoryInfo          : NotSpecified: (C:\Users\akash\...FutureWarning: :String) [], RemoteException
    + FullyQualifiedErrorId : NativeCommandError
 

All support for the `google.generativeai` package has ended. It will no longer be receiving 
updates or bug fixes. Please switch to the `google.genai` package as soon as possible.
See README for more details:

https://github.com/google-gemini/deprecated-generative-ai-python/blob/main/README.md

  import google.generativeai as genai
============================================================
TESTING HONEYPOT API LOGIC
============================================================
Traceback (most recent call last):
  File "C:\Users\akash\OneDrive\Desktop\Honey-pot\honeypot-agent\test_api_logic.py", line 84, in <module>
    success = test_api_logic()
  File "C:\Users\akash\OneDrive\Desktop\Honey-pot\honeypot-agent\test_api_logic.py", line 27, in test_api_logic
    print(f"\n[\U0001f534 SCAMMER]: {test_payload.message.text}")
    ~~~~~^^^^^^^^^^^^^^^^^^^^^^^^^^^^^^^^^^^^^^^^^^^^^^^^
  File "C:\Python313\Lib\encodings\cp1252.py", line 19, in encode
    return codecs.charmap_encode(input,self.errors,encoding_table)[0]
           ~~~~~~~~~~~~~~~~~~~~~^^^^^^^^^^^^^^^^^^^^^^^^^^^^^^^^^^
UnicodeEncodeError: 'charmap' codec can't encode character '\U0001f534' in position 3: character maps to <undefined>
